{
    "App\\Data\\MeData": {
        "id": "int",
        "name": "string",
        "email": "string",
        "phone": "?string",
        "avatar": "?string",
        "emailVerified": "bool",
        "twoFactorEnabled": "bool",
        "linkedProviders": "array",
        "createdAt": "string",
        "pushOrderUpdates": "bool"
    },
    "App\\Data\\AuthSessionData": {
        "token": "string",
        "user": "App\\Data\\MeData"
    },
    "App\\Data\\TwoFactorChallengeData": {
        "twoFactorRequired": "bool",
        "challengeToken": "string"
    },
    "App\\Data\\PaginationMetaData": {
        "currentPage": "int",
        "lastPage": "int",
        "perPage": "int",
        "total": "int"
    },
    "App\\Data\\RestaurantSummaryData": {
        "id": "int",
        "name": "string",
        "subdomain": "string",
        "description": "?string",
        "logoThumbUrl": "?string",
        "logoMediumUrl": "?string",
        "heroImageMediumUrl": "?string",
        "city": "?string",
        "state": "?string",
        "latitude": "?float",
        "longitude": "?float",
        "distanceKm": "?float",
        "cuisineTags": "array",
        "isOpen": "bool",
        "openStatusLabel": "?string",
        "deliveryEnabled": "bool",
        "publicUrl": "string"
    },
    "App\\Data\\RestaurantData": {
        "id": "int",
        "name": "string",
        "subdomain": "string",
        "customDomain": "?string",
        "description": "?string",
        "logoUrl": "?string",
        "logoMediumUrl": "?string",
        "logoThumbUrl": "?string",
        "heroImageUrl": "?string",
        "heroImageMediumUrl": "?string",
        "heroTagline": "?string",
        "heroCtaLabel": "?string",
        "heroCtaUrl": "?string",
        "aboutBody": "?string",
        "aboutImageUrl": "?string",
        "aboutImageMediumUrl": "?string",
        "primaryColor": "?string",
        "secondaryColor": "?string",
        "email": "?string",
        "phone": "?string",
        "phoneDisplay": "?string",
        "phoneHref": "?string",
        "street": "?string",
        "street2": "?string",
        "city": "?string",
        "state": "?string",
        "postalCode": "?string",
        "taxRatePercent": "float",
        "applicationFeePercent": "float",
        "deliveryFeeCents": "int",
        "pickupRefundsEnabled": "bool",
        "deliveryRefundsEnabled": "bool",
        "deliveryEnabled": "bool",
        "selfDelivery": "bool",
        "isActive": "bool",
        "isLive": "bool",
        "isStripeReady": "bool",
        "timezone": "string",
        "isOpen": "bool",
        "nextOpenLabel": "?string",
        "openStatusLabel": "?string",
        "socialLinks": "array",
        "hoursByDay": "array",
        "hasAboutSection": "bool",
        "hasGalleryPhotos": "bool",
        "createdAt": "?string",
        "publicUrl": "string",
        "latitude": "?float",
        "longitude": "?float",
        "cuisineTags": "array",
        "marketplaceListed": "bool"
    },
    "App\\Data\\MenuCategoryData": {
        "id": "int",
        "name": "string",
        "slug": "string",
        "description": "?string",
        "position": "int",
        "items": "array"
    },
    "App\\Data\\MenuItemData": {
        "id": "int",
        "menuCategoryId": "int",
        "name": "string",
        "slug": "string",
        "description": "?string",
        "priceCents": "int",
        "imageUrl": "?string",
        "imageMediumUrl": "?string",
        "imageThumbUrl": "?string",
        "isAvailable": "bool",
        "isFeatured": "bool",
        "position": "int",
        "templateIds": "array",
        "groups": "array",
        "ingredients": "array",
        "defaultSelectionIds": "array"
    },
    "App\\Data\\MenuItemIngredientData": {
        "id": "int",
        "name": "string",
        "position": "int",
        "isRemovable": "bool",
        "allowHalf": "bool",
        "extraPriceCents": "?int",
        "swapTemplateId": "?int"
    },
    "App\\Data\\ItemTemplateGroupData": {
        "id": "int",
        "name": "string",
        "kind": "string",
        "minSelections": "int",
        "maxSelections": "?int",
        "position": "int",
        "isSingleSelect": "bool",
        "isRequired": "bool",
        "options": "array"
    },
    "App\\Data\\ItemTemplateOptionData": {
        "id": "int",
        "name": "string",
        "kind": "string",
        "ingredientId": "?int",
        "priceDeltaCents": "int",
        "isAvailable": "bool",
        "position": "int"
    },
    "App\\Data\\CartData": {
        "id": "int",
        "itemCount": "int",
        "subtotalCents": "int",
        "items": "array"
    },
    "App\\Data\\CartItemData": {
        "id": "int",
        "menuItemId": "int",
        "menuItemName": "string",
        "imageThumbUrl": "?string",
        "quantity": "int",
        "unitPriceCents": "int",
        "lineTotalCents": "int",
        "selectionSummary": "string",
        "selectionGroups": "array",
        "selectedOptionIds": "array",
        "notes": "?string",
        "isAvailable": "bool"
    },
    "App\\Data\\CheckoutIntentData": {
        "pendingCheckoutId": "int",
        "paymentIntentId": "string",
        "clientSecret": "string",
        "publishableKey": "string",
        "stripeAccountId": "string",
        "manualCapture": "bool",
        "subtotalCents": "int",
        "taxCents": "int",
        "deliveryFeeCents": "int",
        "tipCents": "int",
        "totalCents": "int"
    },
    "App\\Data\\OrderPlacedData": {
        "order": "App\\Data\\OrderData",
        "confirmationToken": "string"
    },
    "App\\Data\\OrderData": {
        "id": "int",
        "number": "string",
        "status": "string",
        "type": "string",
        "customerName": "string",
        "customerEmail": "string",
        "customerPhone": "?string",
        "deliveryAddress": "?array",
        "delivery": "?App\\Data\\DeliveryAssignmentData",
        "subtotalCents": "int",
        "taxCents": "int",
        "tipCents": "int",
        "tipRecipient": "string",
        "deliveryFeeCents": "int",
        "totalCents": "int",
        "awardedLoyaltyPoints": "int",
        "notes": "?string",
        "placedAt": "?string",
        "items": "array"
    },
    "App\\Data\\OrderItemData": {
        "id": "int",
        "name": "string",
        "quantity": "int",
        "unitPriceCents": "int",
        "subtotalCents": "int",
        "modifierSummary": "string",
        "modifierGroups": "array",
        "notes": "?string"
    },
    "App\\Data\\DeliveryAssignmentData": {
        "provider": "string",
        "status": "string",
        "providerStatus": "?string",
        "statusLabel": "string",
        "isActive": "bool",
        "trackingUrl": "?string",
        "supportReference": "?string",
        "externalId": "?string",
        "driverName": "?string",
        "driverPhone": "?string",
        "pickupEtaAt": "?string",
        "dropoffEtaAt": "?string",
        "updatedAt": "?string"
    },
    "App\\Data\\AddressData": {
        "id": "int",
        "label": "?string",
        "street": "string",
        "street2": "?string",
        "city": "string",
        "state": "string",
        "postalCode": "string",
        "country": "string",
        "instructions": "?string",
        "isDefault": "bool"
    },
    "App\\Data\\OrderHistoryItemData": {
        "id": "int",
        "number": "string",
        "status": "string",
        "type": "string",
        "totalCents": "int",
        "itemCount": "int",
        "placedAt": "?string",
        "deliveryStatus": "?string",
        "restaurantName": "string",
        "restaurantSubdomain": "string",
        "restaurantLogoThumbUrl": "?string"
    },
    "App\\Data\\ReorderResultData": {
        "cart": "?App\\Data\\CartData",
        "cartToken": "?string",
        "skipped": "array"
    },
    "App\\Data\\WalletEntryData": {
        "restaurant": "App\\Data\\RestaurantSummaryData",
        "loyaltyPoints": "int",
        "pointsPerDollar": "int",
        "totalOrders": "int",
        "totalSpentCents": "int",
        "lastOrderedAt": "?string"
    },
    "App\\Data\\RestaurantMembershipData": {
        "isFavorite": "bool",
        "marketingOptedIn": "bool",
        "loyaltyPoints": "int",
        "totalOrders": "int",
        "totalSpentCents": "int",
        "lastOrderedAt": "?string"
    },
    "App\\Data\\DeviceTokenData": {
        "token": "string",
        "platform": "string",
        "deviceName": "?string",
        "lastSeenAt": "?string"
    },
    "App\\Data\\OperatorActorData": {
        "type": "string",
        "name": "string",
        "isPlatform": "bool",
        "scopes": "array",
        "restaurants": "array"
    },
    "App\\Data\\OperatorRestaurantData": {
        "id": "int",
        "name": "string",
        "subdomain": "string",
        "status": "string",
        "isActive": "bool",
        "isLive": "bool",
        "isStripeReady": "bool",
        "deliveryEnabled": "bool",
        "city": "?string",
        "state": "?string",
        "timezone": "string",
        "publicUrl": "string",
        "role": "?string",
        "scopes": "array"
    },
    "App\\Data\\OperatorOrderData": {
        "order": "App\\Data\\OrderData",
        "paymentState": "?string",
        "refundedAt": "?string",
        "refundedCents": "int",
        "posProvider": "?string",
        "posPushedAt": "?string",
        "updatedAt": "?string",
        "events": "array"
    },
    "App\\Data\\OrderEventData": {
        "id": "int",
        "fromStatus": "?string",
        "toStatus": "string",
        "occurredAt": "string",
        "userName": "?string",
        "note": "?string"
    },
    "App\\Data\\ApiKeyData": {
        "id": "int",
        "name": "string",
        "keyPrefix": "string",
        "scopes": "array",
        "isPlatform": "bool",
        "lastUsedAt": "?string",
        "expiresAt": "?string",
        "revokedAt": "?string",
        "createdByName": "?string",
        "createdAt": "string"
    },
    "App\\Data\\ApiKeyCreatedData": {
        "key": "App\\Data\\ApiKeyData",
        "plainTextKey": "string"
    },
    "App\\Data\\EarningsSummaryData": {
        "month": "string",
        "monthLabel": "string",
        "totalCents": "int",
        "shares": "array",
        "founder": "?array",
        "operator": "?array",
        "earners": "array"
    },
    "App\\Data\\EarnerData": {
        "userId": "?int",
        "name": "string",
        "email": "?string",
        "roles": "array",
        "totalCents": "int"
    },
    "App\\Data\\RestaurantEarningsData": {
        "restaurantId": "int",
        "name": "string",
        "subdomain": "string",
        "status": "string",
        "month": "string",
        "orders": "int",
        "refundedOrders": "int",
        "foodSubtotalCents": "int",
        "applicationFeeCents": "int",
        "commissionCents": "int",
        "deliveryMarginCents": "int",
        "ledgerCents": "int",
        "feePercent": "float",
        "capCents": "int",
        "capReached": "bool",
        "capRemainingCents": "?int"
    },
    "App\\Data\\FeeDistributionData": {
        "id": "int",
        "orderId": "int",
        "orderNumber": "?string",
        "orderRefunded": "bool",
        "restaurantId": "int",
        "restaurantName": "?string",
        "restaurantSubdomain": "?string",
        "userId": "?int",
        "userName": "?string",
        "userEmail": "?string",
        "role": "string",
        "percent": "float",
        "amountCents": "int",
        "earnedAt": "string"
    },
    "App\\Data\\RestaurantImagesData": {
        "restaurantId": "int",
        "logoUrl": "?string",
        "logoMediumUrl": "?string",
        "logoThumbUrl": "?string",
        "heroImageUrl": "?string",
        "heroImageMediumUrl": "?string",
        "aboutImageUrl": "?string",
        "aboutImageMediumUrl": "?string"
    },
    "App\\Data\\RestaurantPhotoData": {
        "id": "int",
        "caption": "?string",
        "position": "int",
        "imageUrl": "?string",
        "imageMediumUrl": "?string",
        "imageThumbUrl": "?string"
    }
}